ExpansionTraderMirek.Weapons|5129.500000 59.479023 7988.390137|94.491951 0.000000 -0.000000|GorkaEJacket_Flat,GorkaPants_Flat,HikingBoots_Black,TacticalGloves_Black
ExpansionTraderMirek.Weapons|7489.82 87.68 4595.8|94.491951 0.000000 -0.000000|GorkaEJacket_Flat,GorkaPants_Flat,HikingBoots_Black,TacticalGloves_Black
ExpansionTraderHelga.Medicals|5139.807129 60.069141 8002.295898|-164.655121 0.000000 -0.000000|GorkaEJacket_Flat,GorkaPants_Flat,HikingBoots_Black,TacticalGloves_Black
ExpansionTraderHassan.Components|5136.693848 59.559959 7980.172852|-42.662037 0.000000 -0.000000|GorkaEJacket_Flat,GorkaPants_Flat,HikingBoots_Black,TacticalGloves_Black
ExpansionTraderCyril.Clothing|5112.850098 59.989971 7983.914551|0.000000 0.000000 -0.000000|GorkaEJacket_Flat,GorkaPants_Flat,HikingBoots_Black,TacticalGloves_Black
ExpansionTraderMaria.Consumables|5105.172363 60.057400 7984.764160|-60.992580 0.000000 0.000000|GorkaEJacket_Flat,GorkaPants_Flat,HikingBoots_Black,TacticalGloves_Black
ExpansionTraderRolf.Vehicles|5073.94 59.225 7991.69|71.435036 0.000000 -0.000000|GorkaEJacket_Flat,GorkaPants_Flat,HikingBoots_Black,TacticalGloves_Black
ExpansionTraderDenis.Vehicle_Parts|5074.001465 59.393593 7993.838379|71.435036 0.000000 -0.000000|GorkaEJacket_Flat,GorkaPants_Flat,HikingBoots_Black,TacticalGloves_Black
ExpansionTraderGabi.Aircraft|5034.049805 60.123978 7982.919922|148.285004 0.000000 0.000000|GorkaEJacket_Flat,GorkaPants_Flat,HikingBoots_Black,TacticalGloves_Black
ExpansionTraderSeth.Medicals|7502.604492 87.797 4608.411621|91.490944 0.000000 -0.000000|GorkaEJacket_Flat,GorkaPants_Flat,HikingBoots_Black,TacticalGloves_Black
ExpansionTraderPeter.Components|7509.589844 87.797 4590.930176|46.378990 0.000000 -0.000000|GorkaEJacket_Flat,GorkaPants_Flat,HikingBoots_Black,TacticalGloves_Black
ExpansionTraderLinda.Consumables|7517.72 87.796 4621.96|140.418976 0.000000 -0.000000|GorkaEJacket_Flat,GorkaPants_Flat,HikingBoots_Black,TacticalGloves_Black
ExpansionTraderHassan.Vehicles|7554.47 88.00 4605.44|145.801987 0.000000 0.000000|GorkaEJacket_Flat,GorkaPants_Flat,HikingBoots_Black,TacticalGloves_Black
ExpansionTraderOliver.Vehicle_Parts|7556.33 88.00 4606.68|145.801987 0.000000 0.000000|GorkaEJacket_Flat,GorkaPants_Flat,HikingBoots_Black,TacticalGloves_Black
ExpansionTraderQuinn.Clothing|7547.520020 88.24 4617.819824|0.000000 0.000000 -0.000000|GorkaEJacket_Flat,GorkaPants_Flat,HikingBoots_Black,TacticalGloves_Black
ExpansionTraderFrida.Boats|10297.3 1.4675 5629.61|-149 0.000000 -0.000000|TelnyashkaShirt,ShortJeans_Darkblue
ExpansionTraderMaria.Clothing_Accessories|7545.66 88.245 4622.86|120.00 0.000000 -0.000000|QuiltedJacket_Violet,Breeches_Beetcheck,SurgicalGloves_White,ThinFramesGlasses,BaseballCap_Pink,JoggingShoes_Violet,TaloonBag_Violet,Armband_Pink
ExpansionTraderSeth.Attachments|7553.9 88.25 4624.01|-45.00 0.000000 -0.000000|CargoPants_Green,M65Jacket_Khaki,UKAssVest_Black,WorkingGloves_Black,AviatorGlasses,PilotkaCap,TTSKOBoots,AssaultBag_Black
ExpansionTraderIndar.Special|7574.434 87.6825 4609.75|-149.00 0.000000 -0.000000|ParamedicJacket_Blue,ParamedicPants_Blue,PoliceVest,NioshFaceMask,NBCGlovesGray,FlatCap_Blue,HikingBootsLow_Blue,MountainBag_Blue
ExpansionTraderMaria.Clothing_Accessories|5114.93 60.0701 7988.46|-122.70 0.000000 -0.000000|QuiltedJacket_Violet,Breeches_Beetcheck,SurgicalGloves_White,ThinFramesGlasses,BaseballCap_Pink,JoggingShoes_Violet,TaloonBag_Violet,Armband_Pink
ExpansionTraderSeth.Attachments|5130.79 59.5113 7989.88|-179.90 0.000000 -0.000000|CargoPants_Green,M65Jacket_Khaki,UKAssVest_Black,WorkingGloves_Black,AviatorGlasses,PilotkaCap,TTSKOBoots,AssaultBag_Black
ExpansionTraderLinda.Personal|3192.7 1.7639 1619.89|64 0.000000 -0.000000|tshirt_white,skirt_blue,Msp_BunnyEarsHeadband
ExpansionTraderNaomi.Drugs|3193.3 1.7639 1621.02|-143 0.000000 -0.000000|tshirt_green,skirt_red
ExpansionTraderMaria.Ballerz|3192.72 1.7639 1618.34|5 0.000000 -0.000000|tshirt_red,skirt_white
ExpansionTraderLinda.motorcycles|5256.13 4.8622 12442.5|87 0.000000 -0.000000|tshirt_green,skirt_red
ExpansionTraderLewis.DRUGS|2150.24 20.371 14626.1|-106 0.000000 -0.000000|BZ_Hemp_top,BZ_Hemp_Pants,BZ_Hemp_Sneakers,SportGlasses_Black,Deagle_Gold+SRP_PistolSuppressor_Golden
ExpansionTraderMirek.SNAFU|2127.61 20.3644 14618.4|70 0.000000 -0.000000|BDUJacket,BDUPants,JungleBoots_Green,TacticalGloves_Black,STAG_Clothing_Cap,Snafu_ScarH_DKMC_GUN+SNAFU_ScarH_100RND_Mag_Tan+SNAFU_MPX_Suppressor_Black+SNAFU_AKTango6T_Tan
ExpansionTraderHelga.ballerz|2163.42 20.37 14628.6|-130 0.000000 -0.000000|BZ_Shirt_Glitter,BZ_Cosmic_Pants,BZ_Future_Sneakers,BZ_BeanieHat_Circuit,BZ_Wings_Fuchsia
ExpansionTraderMaria.MSP|2164.86 20.37 14622.6|-123 0.000000 -0.000000|WomanSuit_Black,SlacksPants_Black,Sneakers_White
ExpansionTraderLinda.FOOD|2162.63 20.37 14618.1|-51 0.000000 -0.000000|tshirt_green,skirt_red,Msp_BunnyEarsHeadband,Msp_FlipFlops_Pink
ExpansionTraderNaomi.MEDS|2161.4 20.37 14612.8|47 0.000000 -0.000000|NurseDress_White,Sneakers_Red,HipPack_Medical,MedicalScrubsHat_White
ExpansionTraderIndar.Nbc|5112.97 60.0701 7989.72|120.000000 0.000000 -0.000000|NBCJacketYellow,NBCPantsYellow,NBCBootsYellow,NBCGlovesYellow,NBCHoodYellow,GP5GasMask+GasMask_Filter
ExpansionTraderLewis.Nbc|7549.34 88.245 4619.68|-60.000000 0.000000 -0.000000|NBCJacketYellow,NBCPantsYellow,NBCBootsYellow,NBCGlovesYellow,NBCHoodYellow,GP5GasMask+GasMask_Filter
ExpansionTraderLewis.Nbc|2149.63 20.371 14614.1|-5 0.000000 -0.000000|NBCJacketYellow,NBCPantsYellow,NBCBootsYellow,NBCGlovesYellow,NBCHoodYellow,GP5GasMask+GasMask_Filter
ExpansionTraderLewis.para|2161.71 28.4061 14610|-43 0.000000 -0.000000|BZ_WTiger_top,BZ_WTiger_Pants,BZ_WTiger_Sneakers,BZ_TactHelmet_WTiger
ExpansionTraderFrida.Boats|2154.02 .913107 14596.8|0 0.000000 -0.000000|TelnyashkaShirt,ShortJeans_Darkblue
ExpansionTraderIndar.Special|5107.86 60.0701 7992.67|176.00 0.000000 -0.000000|ParamedicJacket_Blue,ParamedicPants_Blue,PoliceVest,NioshFaceMask,NBCGlovesGray,FlatCap_Blue,HikingBootsLow_Blue,MountainBag_Blue